// Jest Snapshot v1, https://goo.gl/fbAQLP

exports[`Renders <NavBar /> correctly 1`] = `
<div
  className="navbar"
>
  <span
    className="navbar_title"
  >
    Math Magicians
  </span>
  <ul>
    <li>
      <a
        href="/"
        onClick={[Function]}
      >
        Home
      </a>
    </li>
    <li>
      |
    </li>
    <li>
      <a
        href="/calculator"
        onClick={[Function]}
      >
        Calculator
      </a>
    </li>
    <li>
      |
    </li>
    <li>
      <a
        href="/quotes"
        onClick={[Function]}
      >
        Quotes
      </a>
    </li>
  </ul>
</div>
`;
