// Jest Snapshot v1, https://goo.gl/fbAQLP

exports[`Renders <NotFound /> correctly 1`] = `
<div>
  <span>
    Page Not Found
  </span>
</div>
`;
